// Jest Snapshot v1, https://goo.gl/fbAQLP

exports[`src/pages/tasks/TaskForm/dateTimeDetail/EditDateTimeForm/__test__/EditDateTimeForm.test.tsx EditDateTimeForm should render 1`] = `
{
  "asFragment": [Function],
  "baseElement": <body>
    <div>
      <div
        data-testid="TopBar"
      >
        (
        <div
          data-testid="BackButton"
        >
          /task/randoTaskId/date-time
        </div>
        )
      </div>
      <div
        class="editDateTimeForm"
      >
        <div
          data-testid="Form"
        >
          (
          <h2
            class="h2"
          >
            Edit Date Time
          </h2>
          <input
            hidden=""
            name="taskId"
            readonly=""
            value="randoTaskId"
          />
          <input
            hidden=""
            name="id"
            readonly=""
            value=""
          />
          <input
            class="input"
            name="date"
            pattern="\\d{4}-[0-1]\\d-[0-3]\\dT[0-2]\\d:[0-5]\\d:[0-6]\\d.\\d{3}[A-Z]"
            type="text"
            value=""
          />
          <input
            class="input"
            name="minutes"
            type="number"
            value="123"
          />
          <div
            data-testid="SaveButton"
          >
            SaveButton
          </div>
          )
        </div>
      </div>
    </div>
  </body>,
  "container": <div>
    <div
      data-testid="TopBar"
    >
      (
      <div
        data-testid="BackButton"
      >
        /task/randoTaskId/date-time
      </div>
      )
    </div>
    <div
      class="editDateTimeForm"
    >
      <div
        data-testid="Form"
      >
        (
        <h2
          class="h2"
        >
          Edit Date Time
        </h2>
        <input
          hidden=""
          name="taskId"
          readonly=""
          value="randoTaskId"
        />
        <input
          hidden=""
          name="id"
          readonly=""
          value=""
        />
        <input
          class="input"
          name="date"
          pattern="\\d{4}-[0-1]\\d-[0-3]\\dT[0-2]\\d:[0-5]\\d:[0-6]\\d.\\d{3}[A-Z]"
          type="text"
          value=""
        />
        <input
          class="input"
          name="minutes"
          type="number"
          value="123"
        />
        <div
          data-testid="SaveButton"
        >
          SaveButton
        </div>
        )
      </div>
    </div>
  </div>,
  "debug": [Function],
  "findAllByAltText": [Function],
  "findAllByDisplayValue": [Function],
  "findAllByLabelText": [Function],
  "findAllByPlaceholderText": [Function],
  "findAllByRole": [Function],
  "findAllByTestId": [Function],
  "findAllByText": [Function],
  "findAllByTitle": [Function],
  "findByAltText": [Function],
  "findByDisplayValue": [Function],
  "findByLabelText": [Function],
  "findByPlaceholderText": [Function],
  "findByRole": [Function],
  "findByTestId": [Function],
  "findByText": [Function],
  "findByTitle": [Function],
  "getAllByAltText": [Function],
  "getAllByDisplayValue": [Function],
  "getAllByLabelText": [Function],
  "getAllByPlaceholderText": [Function],
  "getAllByRole": [Function],
  "getAllByTestId": [Function],
  "getAllByText": [Function],
  "getAllByTitle": [Function],
  "getByAltText": [Function],
  "getByDisplayValue": [Function],
  "getByLabelText": [Function],
  "getByPlaceholderText": [Function],
  "getByRole": [Function],
  "getByTestId": [Function],
  "getByText": [Function],
  "getByTitle": [Function],
  "queryAllByAltText": [Function],
  "queryAllByDisplayValue": [Function],
  "queryAllByLabelText": [Function],
  "queryAllByPlaceholderText": [Function],
  "queryAllByRole": [Function],
  "queryAllByTestId": [Function],
  "queryAllByText": [Function],
  "queryAllByTitle": [Function],
  "queryByAltText": [Function],
  "queryByDisplayValue": [Function],
  "queryByLabelText": [Function],
  "queryByPlaceholderText": [Function],
  "queryByRole": [Function],
  "queryByTestId": [Function],
  "queryByText": [Function],
  "queryByTitle": [Function],
  "rerender": [Function],
  "unmount": [Function],
}
`;
