// Jest Snapshot v1, https://goo.gl/fbAQLP

exports[`DateTimePage.test.tsx should render... 1`] = `
{
  "asFragment": [Function],
  "baseElement": <body>
    <div>
      <div>
        <div
          class="header"
        >
          <h2>
            randoTitle
          </h2>
          <div
            data-testid="TopBar"
          >
            (
            <div
              data-testid="BackButton"
            >
              /task/randoTaskId
            </div>
            <div
              data-testid="Form"
            >
              (
              <input
                name="taskId"
                type="hidden"
                value="randoTaskId"
              />
              <div
                data-testid="AddButton"
              >
                AddButton
              </div>
              )
            </div>
            )
          </div>
        </div>
        <div
          class="childrenContent"
        >
          <div
            data-testid="DateTimeListView"
          >
            randoTaskId
          </div>
        </div>
      </div>
    </div>
  </body>,
  "container": <div>
    <div>
      <div
        class="header"
      >
        <h2>
          randoTitle
        </h2>
        <div
          data-testid="TopBar"
        >
          (
          <div
            data-testid="BackButton"
          >
            /task/randoTaskId
          </div>
          <div
            data-testid="Form"
          >
            (
            <input
              name="taskId"
              type="hidden"
              value="randoTaskId"
            />
            <div
              data-testid="AddButton"
            >
              AddButton
            </div>
            )
          </div>
          )
        </div>
      </div>
      <div
        class="childrenContent"
      >
        <div
          data-testid="DateTimeListView"
        >
          randoTaskId
        </div>
      </div>
    </div>
  </div>,
  "debug": [Function],
  "findAllByAltText": [Function],
  "findAllByDisplayValue": [Function],
  "findAllByLabelText": [Function],
  "findAllByPlaceholderText": [Function],
  "findAllByRole": [Function],
  "findAllByTestId": [Function],
  "findAllByText": [Function],
  "findAllByTitle": [Function],
  "findByAltText": [Function],
  "findByDisplayValue": [Function],
  "findByLabelText": [Function],
  "findByPlaceholderText": [Function],
  "findByRole": [Function],
  "findByTestId": [Function],
  "findByText": [Function],
  "findByTitle": [Function],
  "getAllByAltText": [Function],
  "getAllByDisplayValue": [Function],
  "getAllByLabelText": [Function],
  "getAllByPlaceholderText": [Function],
  "getAllByRole": [Function],
  "getAllByTestId": [Function],
  "getAllByText": [Function],
  "getAllByTitle": [Function],
  "getByAltText": [Function],
  "getByDisplayValue": [Function],
  "getByLabelText": [Function],
  "getByPlaceholderText": [Function],
  "getByRole": [Function],
  "getByTestId": [Function],
  "getByText": [Function],
  "getByTitle": [Function],
  "queryAllByAltText": [Function],
  "queryAllByDisplayValue": [Function],
  "queryAllByLabelText": [Function],
  "queryAllByPlaceholderText": [Function],
  "queryAllByRole": [Function],
  "queryAllByTestId": [Function],
  "queryAllByText": [Function],
  "queryAllByTitle": [Function],
  "queryByAltText": [Function],
  "queryByDisplayValue": [Function],
  "queryByLabelText": [Function],
  "queryByPlaceholderText": [Function],
  "queryByRole": [Function],
  "queryByTestId": [Function],
  "queryByText": [Function],
  "queryByTitle": [Function],
  "rerender": [Function],
  "unmount": [Function],
}
`;
