// Jest Snapshot v1, https://goo.gl/fbAQLP

exports[`src/components/navigateButton/__test__/NavigateButton.test.tsx NavigateButton should render 1`] = `
<ButtonWrapper
  class="baseBtn IconButton aStyle"
  data-testid="icon-button"
>
  <i
    class="bi icon"
  />
</button>
`;
